
> Configure project :app
WARNING: The option setting 'android.usesSdkInManifest.disallowed=false' is deprecated.
The current default is 'true'.
It will be removed in version 10.0 of the Android Gradle plugin.
WARNING: The option setting 'android.sdk.defaultTargetSdkToCompileSdkIfUnset=false' is deprecated.
The current default is 'true'.
It will be removed in version 10.0 of the Android Gradle plugin.
WARNING: The option setting 'android.enableAppCompileTimeRClass=false' is deprecated.
The current default is 'true'.
It will be removed in version 10.0 of the Android Gradle plugin.
WARNING: The option setting 'android.builtInKotlin=false' is deprecated.
The current default is 'true'.
It will be removed in version 10.0 of the Android Gradle plugin.
WARNING: The option setting 'android.newDsl=false' is deprecated.
The current default is 'true'.
It will be removed in version 10.0 of the Android Gradle plugin.
WARNING: The option setting 'android.r8.optimizedResourceShrinking=false' is deprecated.
The current default is 'true'.
It will be removed in version 10.0 of the Android Gradle plugin.
WARNING: The option setting 'android.defaults.buildfeatures.resvalues=true' is deprecated.
The current default is 'false'.
It will be removed in version 10.0 of the Android Gradle plugin.
WARNING: The property android.dependency.excludeLibraryComponentsFromConstraints improves project import performance for very large projects. It should be enabled to improve performance.
To suppress this warning, add android.generateSyncIssueWhenLibraryConstraintsAreEnabled=false to gradle.properties
WARNING: The property android.dependency.excludeLibraryComponentsFromConstraints improves project import performance for very large projects. It should be enabled to improve performance.
To suppress this warning, add android.generateSyncIssueWhenLibraryConstraintsAreEnabled=false to gradle.properties
WARNING: The property android.dependency.excludeLibraryComponentsFromConstraints improves project import performance for very large projects. It should be enabled to improve performance.
To suppress this warning, add android.generateSyncIssueWhenLibraryConstraintsAreEnabled=false to gradle.properties
WARNING: The property android.dependency.excludeLibraryComponentsFromConstraints improves project import performance for very large projects. It should be enabled to improve performance.
To suppress this warning, add android.generateSyncIssueWhenLibraryConstraintsAreEnabled=false to gradle.properties

> Task :app:preBuild UP-TO-DATE
> Task :app:preDebugBuild UP-TO-DATE
> Task :app:mergeDebugNativeDebugMetadata NO-SOURCE
> Task :app:javaPreCompileDebug UP-TO-DATE
> Task :app:checkDebugAarMetadata UP-TO-DATE
> Task :app:generateDebugResValues UP-TO-DATE
> Task :app:processDebugGoogleServices UP-TO-DATE
> Task :app:mapDebugSourceSetPaths UP-TO-DATE
> Task :app:processDebugNavigationResources UP-TO-DATE
> Task :app:compileDebugNavigationResources UP-TO-DATE
> Task :app:generateDebugResources UP-TO-DATE
> Task :app:mergeDebugResources UP-TO-DATE
> Task :app:packageDebugResources UP-TO-DATE
> Task :app:parseDebugLocalResources UP-TO-DATE
> Task :app:createDebugCompatibleScreenManifests UP-TO-DATE
> Task :app:extractDeepLinksDebug UP-TO-DATE
> Task :app:processDebugMainManifest UP-TO-DATE
> Task :app:processDebugManifest UP-TO-DATE
> Task :app:processDebugManifestForPackage UP-TO-DATE
> Task :app:processDebugResources UP-TO-DATE

> Task :app:compileDebugJavaWithJavac
C:\Users\carlv\Desktop\bautistaProject\app\src\main\java\com\example\boutique\ProductDetailActivity.java:19: error: cannot find symbol
import com.example.boutique.adapters.ImageGalleryAdapter;
                                    ^
  symbol:   class ImageGalleryAdapter
  location: package com.example.boutique.adapters
C:\Users\carlv\Desktop\bautistaProject\app\src\main\java\com\example\boutique\ProductDetailActivity.java:53: error: cannot find symbol
        vpImageGallery = findViewById(R.id.vpImageGallery);
                                          ^
  symbol:   variable vpImageGallery
  location: class id
C:\Users\carlv\Desktop\bautistaProject\app\src\main\java\com\example\boutique\ProductDetailActivity.java:54: error: cannot find symbol
        llDotIndicator = findViewById(R.id.llDotIndicator);
                                          ^
  symbol:   variable llDotIndicator
  location: class id
C:\Users\carlv\Desktop\bautistaProject\app\src\main\java\com\example\boutique\ProductDetailActivity.java:55: error: cannot find symbol
        tvImageCounter = findViewById(R.id.tvImageCounter);
                                          ^
  symbol:   variable tvImageCounter
  location: class id
C:\Users\carlv\Desktop\bautistaProject\app\src\main\java\com\example\boutique\ProductDetailActivity.java:68: error: cannot find symbol
        LinearLayout rowStyleCode = findViewById(R.id.rowStyleCode);
                                                     ^
  symbol:   variable rowStyleCode
  location: class id
C:\Users\carlv\Desktop\bautistaProject\app\src\main\java\com\example\boutique\ProductDetailActivity.java:69: error: cannot find symbol
        TextView tvSpecStyleCode = findViewById(R.id.tvSpecStyleCode);
                                                    ^
  symbol:   variable tvSpecStyleCode
  location: class id
C:\Users\carlv\Desktop\bautistaProject\app\src\main\java\com\example\boutique\ProductDetailActivity.java:70: error: cannot find symbol
        LinearLayout rowFitSizing = findViewById(R.id.rowFitSizing);
                                                     ^
  symbol:   variable rowFitSizing
  location: class id
C:\Users\carlv\Desktop\bautistaProject\app\src\main\java\com\example\boutique\ProductDetailActivity.java:71: error: cannot find symbol
        TextView tvSpecFitSizing = findViewById(R.id.tvSpecFitSizing);
                                                    ^
  symbol:   variable tvSpecFitSizing
  location: class id
C:\Users\carlv\Desktop\bautistaProject\app\src\main\java\com\example\boutique\ProductDetailActivity.java:72: error: cannot find symbol
        LinearLayout rowSeason = findViewById(R.id.rowSeason);
                                                  ^
  symbol:   variable rowSeason
  location: class id
C:\Users\carlv\Desktop\bautistaProject\app\src\main\java\com\example\boutique\ProductDetailActivity.java:73: error: cannot find symbol
        TextView tvSpecSeason = findViewById(R.id.tvSpecSeason);
                                                 ^
  symbol:   variable tvSpecSeason
  location: class id
C:\Users\carlv\Desktop\bautistaProject\app\src\main\java\com\example\boutique\ProductDetailActivity.java:422: error: cannot find symbol
            ImageGalleryAdapter galleryAdapter = new ImageGalleryAdapter(galleryImages);
            ^
  symbol:   class ImageGalleryAdapter
  location: class ProductDetailActivity
C:\Users\carlv\Desktop\bautistaProject\app\src\main\java\com\example\boutique\ProductDetailActivity.java:422: error: cannot find symbol
            ImageGalleryAdapter galleryAdapter = new ImageGalleryAdapter(galleryImages);
                                                     ^
  symbol:   class ImageGalleryAdapter
  location: class ProductDetailActivity
Note: Some input files use or override a deprecated API.
Note: Recompile with -Xlint:deprecation for details.
Note: Some input files use unchecked or unsafe operations.
Note: Recompile with -Xlint:unchecked for details.
12 errors

> Task :app:compileDebugJavaWithJavac FAILED

[Incubating] Problems report is available at: file:///C:/Users/carlv/Desktop/bautistaProject/build/reports/problems/problems-report.html

FAILURE: Build failed with an exception.

* What went wrong:
Execution failed for task ':app:compileDebugJavaWithJavac'.
> Compilation failed; see the compiler output below.
  Note: Recompile with -Xlint:deprecation for details.
  C:\Users\carlv\Desktop\bautistaProject\app\src\main\java\com\example\boutique\ProductDetailActivity.java:19: error: cannot find symbol
  import com.example.boutique.adapters.ImageGalleryAdapter;
                                      ^
    symbol:   class ImageGalleryAdapter
    location: package com.example.boutique.adapters
  C:\Users\carlv\Desktop\bautistaProject\app\src\main\java\com\example\boutique\ProductDetailActivity.java:53: error: cannot find symbol
          vpImageGallery = findViewById(R.id.vpImageGallery);
                                            ^
    symbol:   variable vpImageGallery
    location: class id
  C:\Users\carlv\Desktop\bautistaProject\app\src\main\java\com\example\boutique\ProductDetailActivity.java:54: error: cannot find symbol
          llDotIndicator = findViewById(R.id.llDotIndicator);
                                            ^
    symbol:   variable llDotIndicator
    location: class id
  C:\Users\carlv\Desktop\bautistaProject\app\src\main\java\com\example\boutique\ProductDetailActivity.java:55: error: cannot find symbol
          tvImageCounter = findViewById(R.id.tvImageCounter);
                                            ^
    symbol:   variable tvImageCounter
    location: class id
  C:\Users\carlv\Desktop\bautistaProject\app\src\main\java\com\example\boutique\ProductDetailActivity.java:68: error: cannot find symbol
          LinearLayout rowStyleCode = findViewById(R.id.rowStyleCode);
                                                       ^
    symbol:   variable rowStyleCode
    location: class id
  C:\Users\carlv\Desktop\bautistaProject\app\src\main\java\com\example\boutique\ProductDetailActivity.java:69: error: cannot find symbol
          TextView tvSpecStyleCode = findViewById(R.id.tvSpecStyleCode);
                                                      ^
    symbol:   variable tvSpecStyleCode
    location: class id
  C:\Users\carlv\Desktop\bautistaProject\app\src\main\java\com\example\boutique\ProductDetailActivity.java:70: error: cannot find symbol
          LinearLayout rowFitSizing = findViewById(R.id.rowFitSizing);
                                                       ^
    symbol:   variable rowFitSizing
    location: class id
  C:\Users\carlv\Desktop\bautistaProject\app\src\main\java\com\example\boutique\ProductDetailActivity.java:71: error: cannot find symbol
          TextView tvSpecFitSizing = findViewById(R.id.tvSpecFitSizing);
                                                      ^
    symbol:   variable tvSpecFitSizing
    location: class id
  C:\Users\carlv\Desktop\bautistaProject\app\src\main\java\com\example\boutique\ProductDetailActivity.java:72: error: cannot find symbol
          LinearLayout rowSeason = findViewById(R.id.rowSeason);
                                                    ^
    symbol:   variable rowSeason
    location: class id
  C:\Users\carlv\Desktop\bautistaProject\app\src\main\java\com\example\boutique\ProductDetailActivity.java:73: error: cannot find symbol
          TextView tvSpecSeason = findViewById(R.id.tvSpecSeason);
                                                   ^
    symbol:   variable tvSpecSeason
    location: class id
  C:\Users\carlv\Desktop\bautistaProject\app\src\main\java\com\example\boutique\ProductDetailActivity.java:422: error: cannot find symbol
              ImageGalleryAdapter galleryAdapter = new ImageGalleryAdapter(galleryImages);
              ^
    symbol:   class ImageGalleryAdapter
    location: class ProductDetailActivity
  C:\Users\carlv\Desktop\bautistaProject\app\src\main\java\com\example\boutique\ProductDetailActivity.java:422: error: cannot find symbol
              ImageGalleryAdapter galleryAdapter = new ImageGalleryAdapter(galleryImages);
                                                       ^
    symbol:   class ImageGalleryAdapter
    location: class ProductDetailActivity
  Note: Recompile with -Xlint:unchecked for details.
  Note: Some input files use or override a deprecated API.
  Note: Some input files use unchecked or unsafe operations.
  12 errors

* Try:
> Check your code and dependencies to fix the compilation error(s)
> Run with --scan to get full insights from a Build Scan (powered by Develocity).

Deprecated Gradle features were used in this build, making it incompatible with Gradle 10.

You can use '--warning-mode all' to show the individual deprecation warnings and determine if they come from your own scripts or plugins.

For more on this, please refer to https://docs.gradle.org/9.3.1/userguide/command_line_interface.html#sec:command_line_warnings in the Gradle documentation.

BUILD FAILED in 5s
18 actionable tasks: 1 executed, 17 up-to-date
